// Jest Snapshot v1, https://goo.gl/fbAQLP

exports[`components/AdminConsole/CustomUrlSchemeSetting initial state with multiple items 1`] = `
<ContextConsumer>
  <Component />
</ContextConsumer>
`;

exports[`components/AdminConsole/CustomUrlSchemeSetting initial state with no items 1`] = `
<ContextConsumer>
  <Component />
</ContextConsumer>
`;

exports[`components/AdminConsole/CustomUrlSchemeSetting initial state with one item 1`] = `
<ContextConsumer>
  <Component />
</ContextConsumer>
`;

exports[`components/AdminConsole/CustomUrlSchemeSetting renders properly when disabled 1`] = `
<ContextConsumer>
  <Component />
</ContextConsumer>
`;

exports[`components/AdminConsole/CustomUrlSchemeSetting renders properly when set by environment variable 1`] = `
<ContextConsumer>
  <Component />
</ContextConsumer>
`;
