// Jest Snapshot v1, https://goo.gl/fbAQLP

exports[`components/SystemNotice should match snapshot for admin, admin notice 1`] = `
<ContextConsumer>
  <Component />
</ContextConsumer>
`;

exports[`components/SystemNotice should match snapshot for admin, regular notice 1`] = `
<ContextConsumer>
  <Component />
</ContextConsumer>
`;

exports[`components/SystemNotice should match snapshot for regular user, admin and regular notice 1`] = `
<ContextConsumer>
  <Component />
</ContextConsumer>
`;

exports[`components/SystemNotice should match snapshot for regular user, admin notice 1`] = `
<ContextConsumer>
  <Component />
</ContextConsumer>
`;

exports[`components/SystemNotice should match snapshot for regular user, dismissed notice 1`] = `
<ContextConsumer>
  <Component />
</ContextConsumer>
`;

exports[`components/SystemNotice should match snapshot for regular user, dont show again notice 1`] = `
<ContextConsumer>
  <Component />
</ContextConsumer>
`;

exports[`components/SystemNotice should match snapshot for regular user, no notice 1`] = `
<ContextConsumer>
  <Component />
</ContextConsumer>
`;

exports[`components/SystemNotice should match snapshot for regular user, regular notice 1`] = `
<ContextConsumer>
  <Component />
</ContextConsumer>
`;

exports[`components/SystemNotice should match snapshot for show function returning false 1`] = `
<ContextConsumer>
  <Component />
</ContextConsumer>
`;

exports[`components/SystemNotice should match snapshot for show function returning true 1`] = `
<ContextConsumer>
  <Component />
</ContextConsumer>
`;

exports[`components/SystemNotice should match snapshot for with allowForget equal false 1`] = `
<ContextConsumer>
  <Component />
</ContextConsumer>
`;

exports[`components/SystemNotice should match snapshot when a custom icon is passed 1`] = `
<ContextConsumer>
  <Component />
</ContextConsumer>
`;
