// Jest Snapshot v1, https://goo.gl/fbAQLP

exports[`component/add_user_to_group_multiselect should match snapshot with different submit button text 1`] = `
<ContextConsumer>
  <Component />
</ContextConsumer>
`;

exports[`component/add_user_to_group_multiselect should match snapshot with profiles 1`] = `
<ContextConsumer>
  <Component />
</ContextConsumer>
`;

exports[`component/add_user_to_group_multiselect should match snapshot without any profiles 1`] = `
<ContextConsumer>
  <Component />
</ContextConsumer>
`;
