// Jest Snapshot v1, https://goo.gl/fbAQLP

exports[`components/channel_invite_modal should match snapshot for channel_invite_modal with profiles 1`] = `
<ContextConsumer>
  <Component />
</ContextConsumer>
`;

exports[`components/channel_invite_modal should match snapshot for channel_invite_modal with profiles from DMs 1`] = `
<ContextConsumer>
  <Component />
</ContextConsumer>
`;

exports[`components/channel_invite_modal should match snapshot for channel_invite_modal with userStatuses 1`] = `
<Memo(GroupOption)
  addUserProfile={[MockFunction]}
  group={
    Object {
      "delete_at": 0,
      "id": "user-1",
      "label": "user-1",
      "value": "user-1",
    }
  }
  isSelected={true}
  onMouseMove={[MockFunction]}
  rowSelected="more-modal__row--selected"
  selectedItemRef={
    Object {
      "current": null,
    }
  }
/>
`;

exports[`components/channel_invite_modal should match snapshot with exclude and include users 1`] = `
<ContextConsumer>
  <Component />
</ContextConsumer>
`;
