// Jest Snapshot v1, https://goo.gl/fbAQLP

exports[`components/admin_console/add_users_to_team_modal/AddUsersToTeamModal should match snapshot with 2 users 1`] = `
<ContextConsumer>
  <Component />
</ContextConsumer>
`;

exports[`components/admin_console/add_users_to_team_modal/AddUsersToTeamModal should match snapshot with 2 users, 1 included and 1 removed 1`] = `
<ContextConsumer>
  <Component />
</ContextConsumer>
`;
