// Jest Snapshot v1, https://goo.gl/fbAQLP

exports[`components/SearchableChannelList should match init snapshot 1`] = `
<ContextConsumer>
  <Component />
</ContextConsumer>
`;
