// Jest Snapshot v1, https://goo.gl/fbAQLP

exports[`admin_console/team_channel_settings/channel/ChannelGroups should match snapshot 1`] = `
<AdminPanel
  button={
    <Memo(Connect(ToggleModalButton))
      className="btn btn-primary"
      dialogProps={
        Object {
          "channel": Object {
            "group_constrained": false,
            "id": "123",
            "name": "DN",
            "team_name": "team",
            "type": "O",
          },
          "excludeGroups": Array [
            Object {
              "allow_reference": true,
              "create_at": 1,
              "delete_at": 0,
              "description": "",
              "display_name": "DN",
              "has_syncables": false,
              "id": "123",
              "member_count": 3,
              "name": "group_name",
              "remote_id": "",
              "scheme_admin": false,
              "source": "",
              "update_at": 1,
            },
          ],
          "includeGroups": Array [],
          "onAddCallback": [MockFunction],
          "skipCommit": true,
        }
      }
      dialogType={
        Object {
          "$$typeof": Symbol(react.memo),
          "WrappedComponent": [Function],
          "compare": null,
          "type": [Function],
        }
      }
      disabled={false}
      id="addGroupsToChannelToggle"
      modalId="add_groups_to_channel"
    >
      <Memo(MemoizedFormattedMessage)
        defaultMessage="Add Group"
        id="admin.channel_settings.channel_details.add_group"
      />
    </Memo(Connect(ToggleModalButton))>
  }
  className=""
  id="channel_groups"
  subtitleDefault="Add and remove channel members based on their group membership."
  subtitleId="admin.channel_settings.channel_detail.syncedGroupsDescription"
  titleDefault="Synced Groups"
  titleId="admin.channel_settings.channel_detail.syncedGroupsTitle"
>
  <Connect(GroupList)
    channel={
      Object {
        "group_constrained": false,
        "id": "123",
        "name": "DN",
        "team_name": "team",
        "type": "O",
      }
    }
    groups={
      Array [
        Object {
          "allow_reference": true,
          "create_at": 1,
          "delete_at": 0,
          "description": "",
          "display_name": "DN",
          "has_syncables": false,
          "id": "123",
          "member_count": 3,
          "name": "group_name",
          "remote_id": "",
          "scheme_admin": false,
          "source": "",
          "update_at": 1,
        },
      ]
    }
    isDisabled={false}
    isModeSync={true}
    onGroupRemoved={[MockFunction]}
    setNewGroupRole={[MockFunction]}
    totalGroups={1}
    type="channel"
  />
</AdminPanel>
`;
