// Jest Snapshot v1, https://goo.gl/fbAQLP

exports[`components/dot_menu/DotMenu should match snapshot, canDelete 1`] = `
Object {
  "asFragment": [Function],
  "baseElement": <body>
    <div>
      <button
        aria-controls="CENTER_dropdown_post_id_1"
        aria-expanded="false"
        aria-haspopup="true"
        aria-label="more"
        class="post-menu__item"
        data-testid="PostDotMenu-Button-post_id_1"
        id="CENTER_button_post_id_1"
      >
        <svg
          fill="currentColor"
          height="16"
          version="1.1"
          viewBox="0 0 24 24"
          width="16"
          xmlns="http://www.w3.org/2000/svg"
        >
          <path
            d="M16,12A2,2 0 0,1 18,10A2,2 0 0,1 20,12A2,2 0 0,1 18,14A2,2 0 0,1 16,12M10,12A2,2 0 0,1 12,10A2,2 0 0,1 14,12A2,2 0 0,1 12,14A2,2 0 0,1 10,12M4,12A2,2 0 0,1 6,10A2,2 0 0,1 8,12A2,2 0 0,1 6,14A2,2 0 0,1 4,12Z"
          />
        </svg>
      </button>
    </div>
  </body>,
  "container": <div>
    <button
      aria-controls="CENTER_dropdown_post_id_1"
      aria-expanded="false"
      aria-haspopup="true"
      aria-label="more"
      class="post-menu__item"
      data-testid="PostDotMenu-Button-post_id_1"
      id="CENTER_button_post_id_1"
    >
      <svg
        fill="currentColor"
        height="16"
        version="1.1"
        viewBox="0 0 24 24"
        width="16"
        xmlns="http://www.w3.org/2000/svg"
      >
        <path
          d="M16,12A2,2 0 0,1 18,10A2,2 0 0,1 20,12A2,2 0 0,1 18,14A2,2 0 0,1 16,12M10,12A2,2 0 0,1 12,10A2,2 0 0,1 14,12A2,2 0 0,1 12,14A2,2 0 0,1 10,12M4,12A2,2 0 0,1 6,10A2,2 0 0,1 8,12A2,2 0 0,1 6,14A2,2 0 0,1 4,12Z"
        />
      </svg>
    </button>
  </div>,
  "debug": [Function],
  "findAllByAltText": [Function],
  "findAllByDisplayValue": [Function],
  "findAllByLabelText": [Function],
  "findAllByPlaceholderText": [Function],
  "findAllByRole": [Function],
  "findAllByTestId": [Function],
  "findAllByText": [Function],
  "findAllByTitle": [Function],
  "findByAltText": [Function],
  "findByDisplayValue": [Function],
  "findByLabelText": [Function],
  "findByPlaceholderText": [Function],
  "findByRole": [Function],
  "findByTestId": [Function],
  "findByText": [Function],
  "findByTitle": [Function],
  "getAllByAltText": [Function],
  "getAllByDisplayValue": [Function],
  "getAllByLabelText": [Function],
  "getAllByPlaceholderText": [Function],
  "getAllByRole": [Function],
  "getAllByTestId": [Function],
  "getAllByText": [Function],
  "getAllByTitle": [Function],
  "getByAltText": [Function],
  "getByDisplayValue": [Function],
  "getByLabelText": [Function],
  "getByPlaceholderText": [Function],
  "getByRole": [Function],
  "getByTestId": [Function],
  "getByText": [Function],
  "getByTitle": [Function],
  "queryAllByAltText": [Function],
  "queryAllByDisplayValue": [Function],
  "queryAllByLabelText": [Function],
  "queryAllByPlaceholderText": [Function],
  "queryAllByRole": [Function],
  "queryAllByTestId": [Function],
  "queryAllByText": [Function],
  "queryAllByTitle": [Function],
  "queryByAltText": [Function],
  "queryByDisplayValue": [Function],
  "queryByLabelText": [Function],
  "queryByPlaceholderText": [Function],
  "queryByRole": [Function],
  "queryByTestId": [Function],
  "queryByText": [Function],
  "queryByTitle": [Function],
  "rerender": [Function],
  "unmount": [Function],
}
`;

exports[`components/dot_menu/DotMenu should match snapshot, on Center 1`] = `
<Menu
  menu={
    Object {
      "aria-label": "Post extra options",
      "closeMenuManually": false,
      "id": "CENTER_dropdown_post_id_1",
      "onKeyDown": [Function],
      "onToggle": [Function],
      "width": "264px",
    }
  }
  menuButton={
    Object {
      "aria-label": "more",
      "children": <DotsHorizontalIcon
        size={16}
      />,
      "class": "post-menu__item",
      "dateTestId": "PostDotMenu-Button-post_id_1",
      "id": "CENTER_button_post_id_1",
    }
  }
  menuButtonTooltip={
    Object {
      "class": "hidden-xs",
      "id": "PostDotMenu-ButtonTooltip-post_id_1",
      "text": "More",
    }
  }
>
  <MenuItem
    data-testid="reply_to_post_post_id_1"
    id="MenuItemKey__reply__post_id_1"
    labels={
      <Memo(MemoizedFormattedMessage)
        defaultMessage="Reply"
        id="post_info.reply"
      />
    }
    leadingElement={
      <ReplyOutlineIcon
        size={18}
      />
    }
    onClick={[Function]}
    trailingElements={
      <ShortcutKey
        shortcutKey="R"
      />
    }
  />
  <MenuItem
    data-testid="forward_post_post_id_1"
    id="MenuItemKey__forward__post_id_1"
    isLabelsRowLayout={true}
    labels={
      <span
        className="dot-menu__item-new-badge"
      >
        <Memo(MemoizedFormattedMessage)
          defaultMessage="Forward"
          id="forward_post_button.label"
        />
      </span>
    }
    leadingElement={
      <ArrowRightBoldOutlineIcon
        size={18}
      />
    }
    onClick={[Function]}
    trailingElements={
      <ShortcutKey
        shortcutKey="Shift + F"
      />
    }
  />
  <MenuItem
    data-testid="follow_post_thread_post_id_1"
    id="MenuItemKey__follow__post_id_1"
    labels={
      <Memo(MemoizedFormattedMessage)
        defaultMessage="Follow message"
        id="threading.threadMenu.followMessage"
      />
    }
    leadingElement={
      <MessageCheckOutlineIcon
        size={18}
      />
    }
    onClick={[Function]}
    trailingElements={
      <ShortcutKey
        shortcutKey="F"
      />
    }
  />
  <MenuItem
    data-testid="unread_post_post_id_1"
    id="MenuItemKey__unread__post_id_1"
    labels={
      <Memo(MemoizedFormattedMessage)
        defaultMessage="Mark as Unread"
        id="post_info.unread"
      />
    }
    leadingElement={
      <MarkAsUnreadIcon
        size={18}
      />
    }
    onClick={[Function]}
    trailingElements={
      <ShortcutKey
        shortcutKey="U"
      />
    }
  />
  <SubMenu
    id="SubMenuItemKey__remind_post__post_id_1"
    labels={
      <Memo(MemoizedFormattedMessage)
        defaultMessage="Remind"
        id="post_info.post_reminder.menu"
      />
    }
    leadingElement={
      <ClockOutlineIcon
        size={18}
      />
    }
    menuId="remind_post_post_id_1-menu"
    trailingElements={
      <span
        className="dot-menu__item-trailing-icon"
      >
        <ChevronRightIcon
          size={16}
        />
      </span>
    }
  >
    <h5
      className="dot-menu__post-reminder-menu-header"
    >
      Set a reminder for:
    </h5>
    <MenuItem
      id="MenuItemKey__remind_post_options__thirty_minutes-post_id_1"
      key="MenuItemKey__remind_post_options__thirty_minutes-post_id_1"
      labels={
        <Memo(MemoizedFormattedMessage)
          defaultMessage="30 mins"
          id="post_info.post_reminder.sub_menu.thirty_minutes"
        />
      }
      onClick={[Function]}
      trailingElements={null}
    />
    <MenuItem
      id="MenuItemKey__remind_post_options__one_hour-post_id_1"
      key="MenuItemKey__remind_post_options__one_hour-post_id_1"
      labels={
        <Memo(MemoizedFormattedMessage)
          defaultMessage="1 hour"
          id="post_info.post_reminder.sub_menu.one_hour"
        />
      }
      onClick={[Function]}
      trailingElements={null}
    />
    <MenuItem
      id="MenuItemKey__remind_post_options__two_hours-post_id_1"
      key="MenuItemKey__remind_post_options__two_hours-post_id_1"
      labels={
        <Memo(MemoizedFormattedMessage)
          defaultMessage="2 hours"
          id="post_info.post_reminder.sub_menu.two_hours"
        />
      }
      onClick={[Function]}
      trailingElements={null}
    />
    <MenuItem
      id="MenuItemKey__remind_post_options__tomorrow-post_id_1"
      key="MenuItemKey__remind_post_options__tomorrow-post_id_1"
      labels={
        <Memo(MemoizedFormattedMessage)
          defaultMessage="Tomorrow"
          id="post_info.post_reminder.sub_menu.tomorrow"
        />
      }
      onClick={[Function]}
      trailingElements={
        <span
          className="postReminder-tomorrow_timestamp"
        >
          <FormattedDate
            value={2023-06-16T12:02:08.405Z}
            weekday="short"
          />
          , 
          <FormattedTime
            hour12={true}
            timeStyle="short"
            value={2023-06-16T12:02:08.405Z}
          />
        </span>
      }
    />
    <MenuItem
      id="MenuItemKey__remind_post_options__custom-post_id_1"
      key="MenuItemKey__remind_post_options__custom-post_id_1"
      labels={
        <Memo(MemoizedFormattedMessage)
          defaultMessage="Custom"
          id="post_info.post_reminder.sub_menu.custom"
        />
      }
      onClick={[Function]}
      trailingElements={null}
    />
  </SubMenu>
  <MenuItem
    data-testid="save_post_post_id_1"
    id="MenuItemKey__save__post_id_1"
    labels={
      <Memo(MemoizedFormattedMessage)
        defaultMessage="Save"
        id="rhs_root.mobile.flag"
      />
    }
    leadingElement={
      <BookmarkOutlineIcon
        size={18}
      />
    }
    onClick={[Function]}
    trailingElements={
      <ShortcutKey
        shortcutKey="S"
      />
    }
  />
  <MenuItem
    data-testid="pin_post_post_id_1"
    id="MenuItemKey__pinUnpin__post_id_1"
    labels={
      <Memo(MemoizedFormattedMessage)
        defaultMessage="Pin"
        id="post_info.pin"
      />
    }
    leadingElement={
      <PinOutlineIcon
        size={18}
      />
    }
    onClick={[Function]}
    trailingElements={
      <ShortcutKey
        shortcutKey="P"
      />
    }
  />
  <MenuItemSeparator />
  <MenuItem
    data-testid="permalink_post_id_1"
    id="MenuItemKey__copyLink__post_id_1"
    labels={
      <Memo(MemoizedFormattedMessage)
        defaultMessage="Copy Link"
        id="post_info.permalink"
      />
    }
    leadingElement={
      <LinkVariantIcon
        size={18}
      />
    }
    onClick={[Function]}
    trailingElements={
      <ShortcutKey
        shortcutKey="K"
      />
    }
  />
  <MenuItemSeparator />
  <MenuItem
    data-testid="edit_post_post_id_1"
    id="MenuItemKey__edit__post_id_1"
    labels={
      <Memo(MemoizedFormattedMessage)
        defaultMessage="Edit"
        id="post_info.edit"
      />
    }
    leadingElement={
      <PencilOutlineIcon
        size={18}
      />
    }
    onClick={[Function]}
    trailingElements={
      <ShortcutKey
        shortcutKey="E"
      />
    }
  />
  <MenuItem
    data-testid="copy_post_id_1"
    id="MenuItemKey__copyText__post_id_1"
    labels={
      <Memo(MemoizedFormattedMessage)
        defaultMessage="Copy Text"
        id="post_info.copy"
      />
    }
    leadingElement={
      <ContentCopyIcon
        size={18}
      />
    }
    onClick={[Function]}
    trailingElements={
      <ShortcutKey
        shortcutKey="C"
      />
    }
  />
</Menu>
`;
